INFO:     Started server process [581036]
INFO:     Waiting for application startup.
INFO:     Application startup complete.
INFO:     Uvicorn running on http://127.0.0.1:8001 (Press CTRL+C to quit)
Admin (to chat_manager):

Which is the most commonly used payment method?

Use the dataset located at customer_shopping_data.csv

--------------------------------------------------------------------------------

Next speaker: FileReader

FileReader (to chat_manager):

```python
import pandas as pd

# Read only the payment_method column to avoid loading personal identifiers
df = pd.read_csv('customer_shopping_data.csv', usecols=['payment_method'])

# Output the dataframe shape
print(df.shape)

# If the dataframe is non-empty, confirm successful reading and report the most common payment method
if df.shape[0] > 0:
    print('File reading successful')
    most_common_method = df['payment_method'].mode()[0]
    print(most_common_method)
```

--------------------------------------------------------------------------------

Next speaker: Summarizer

Summarizer (to chat_manager):

```python
import pandas as pd

# Read only the payment_method column to avoid loading personal identifiers
df = pd.read_csv('customer_shopping_data.csv', usecols=['payment_method'])

# Output the dataframe shape
print(df.shape)

# If the dataframe is non-empty, confirm successful reading and report the most common payment method
if df.shape[0] > 0:
    print('File reading successful')
    most_common_method = df['payment_method'].mode()[0]
    print(most_common_method)
```

--------------------------------------------------------------------------------

Next speaker: Data Scientist

Data Scientist (to chat_manager):

```python
import pandas as pd

# Read only the payment_method column to avoid loading personal identifiers
df = pd.read_csv('customer_shopping_data.csv', usecols=['payment_method'])

# Output the dataframe shape
print(df.shape)

# If the dataframe is non-empty, confirm successful reading and report the most common payment method
if df.shape[0] > 0:
    print('File reading successful')
    most_common_method = df['payment_method'].mode()[0]
    print(most_common_method)
```

--------------------------------------------------------------------------------

Next speaker: Visualization

Visualization (to chat_manager):

```python
import pandas as pd

# Read only the payment_method column to avoid loading personal identifiers
df = pd.read_csv('customer_shopping_data.csv', usecols=['payment_method'])

# Output the dataframe shape
print(df.shape)

# If the dataframe is non-empty, confirm successful reading and report the most common payment method
if df.shape[0] > 0:
    print('File reading successful')
    most_common_method = df['payment_method'].mode()[0]
    print(most_common_method)
```

--------------------------------------------------------------------------------

Next speaker: Executor


>>>>>>>> EXECUTING CODE BLOCK 0 (inferred language is python)...
Executor (to chat_manager):

exitcode: 0 (execution succeeded)
Code output: 
(99457, 1)
File reading successful
Cash


--------------------------------------------------------------------------------
INFO:     127.0.0.1:35298 - "POST /multi_ai_agent HTTP/1.1" 200 OK
Admin (to chat_manager):

Which is the most commonly used payment method?

Use the dataset located at customer_shopping_data.csv

--------------------------------------------------------------------------------

Next speaker: FileReader

FileReader (to chat_manager):

```python
import pandas as pd

# Read only the payment_method column to avoid loading personal identifiers
df = pd.read_csv('customer_shopping_data.csv', usecols=['payment_method'])

# Output the dataframe shape
print(df.shape)

# If the dataframe is non-empty, confirm successful reading and report the most common payment method
if df.shape[0] > 0:
    print('File reading successful')
    most_common_method = df['payment_method'].mode()[0]
    print(most_common_method)
```

--------------------------------------------------------------------------------

Next speaker: Summarizer

Summarizer (to chat_manager):

```python
import pandas as pd

# Read only the payment_method column to avoid loading personal identifiers
df = pd.read_csv('customer_shopping_data.csv', usecols=['payment_method'])

# Output the dataframe shape
print(df.shape)

# If the dataframe is non-empty, confirm successful reading and report the most common payment method
if df.shape[0] > 0:
    print('File reading successful')
    most_common_method = df['payment_method'].mode()[0]
    print(most_common_method)
```

--------------------------------------------------------------------------------

Next speaker: Data Scientist

Data Scientist (to chat_manager):

```python
import pandas as pd

# Read only the payment_method column to avoid loading personal identifiers
df = pd.read_csv('customer_shopping_data.csv', usecols=['payment_method'])

# Output the dataframe shape
print(df.shape)

# If the dataframe is non-empty, confirm successful reading and report the most common payment method
if df.shape[0] > 0:
    print('File reading successful')
    most_common_method = df['payment_method'].mode()[0]
    print(most_common_method)
```

--------------------------------------------------------------------------------

Next speaker: Visualization

Visualization (to chat_manager):

```python
import pandas as pd

# Read only the payment_method column to avoid loading personal identifiers
df = pd.read_csv('customer_shopping_data.csv', usecols=['payment_method'])

# Output the dataframe shape
print(df.shape)

# If the dataframe is non-empty, confirm successful reading and report the most common payment method
if df.shape[0] > 0:
    print('File reading successful')
    most_common_method = df['payment_method'].mode()[0]
    print(most_common_method)
```

--------------------------------------------------------------------------------

Next speaker: Executor


>>>>>>>> EXECUTING CODE BLOCK 0 (inferred language is python)...
Executor (to chat_manager):

exitcode: 0 (execution succeeded)
Code output: 
(99457, 1)
File reading successful
Cash


--------------------------------------------------------------------------------
INFO:     127.0.0.1:51678 - "POST /multi_ai_agent HTTP/1.1" 200 OK
Admin (to chat_manager):

Which is the most commonly used payment method?

Use the dataset located at customer_shopping_data.csv

--------------------------------------------------------------------------------

Next speaker: FileReader

FileReader (to chat_manager):

```python
import pandas as pd

# Read only the payment_method column to avoid loading personal identifiers
df = pd.read_csv('customer_shopping_data.csv', usecols=['payment_method'])

# Output the dataframe shape
print(df.shape)

# If the dataframe is non-empty, confirm successful reading and report the most common payment method
if df.shape[0] > 0:
    print('File reading successful')
    most_common_method = df['payment_method'].mode()[0]
    print(most_common_method)
```

--------------------------------------------------------------------------------

Next speaker: Summarizer

Summarizer (to chat_manager):

```python
import pandas as pd

# Read only the payment_method column to avoid loading personal identifiers
df = pd.read_csv('customer_shopping_data.csv', usecols=['payment_method'])

# Output the dataframe shape
print(df.shape)

# If the dataframe is non-empty, confirm successful reading and report the most common payment method
if df.shape[0] > 0:
    print('File reading successful')
    most_common_method = df['payment_method'].mode()[0]
    print(most_common_method)
```

--------------------------------------------------------------------------------

Next speaker: Data Scientist

Data Scientist (to chat_manager):

```python
import pandas as pd

# Read only the payment_method column to avoid loading personal identifiers
df = pd.read_csv('customer_shopping_data.csv', usecols=['payment_method'])

# Output the dataframe shape
print(df.shape)

# If the dataframe is non-empty, confirm successful reading and report the most common payment method
if df.shape[0] > 0:
    print('File reading successful')
    most_common_method = df['payment_method'].mode()[0]
    print(most_common_method)
```

--------------------------------------------------------------------------------

Next speaker: Visualization

Visualization (to chat_manager):

```python
import pandas as pd

# Read only the payment_method column to avoid loading personal identifiers
df = pd.read_csv('customer_shopping_data.csv', usecols=['payment_method'])

# Output the dataframe shape
print(df.shape)

# If the dataframe is non-empty, confirm successful reading and report the most common payment method
if df.shape[0] > 0:
    print('File reading successful')
    most_common_method = df['payment_method'].mode()[0]
    print(most_common_method)
```

--------------------------------------------------------------------------------

Next speaker: Executor


>>>>>>>> EXECUTING CODE BLOCK 0 (inferred language is python)...
Executor (to chat_manager):

exitcode: 0 (execution succeeded)
Code output: 
(99457, 1)
File reading successful
Cash


--------------------------------------------------------------------------------
INFO:     127.0.0.1:51686 - "POST /multi_ai_agent HTTP/1.1" 200 OK
Admin (to chat_manager):

Which is the most commonly used payment method?

Use the dataset located at customer_shopping_data.csv

--------------------------------------------------------------------------------

Next speaker: FileReader

FileReader (to chat_manager):

```python
import pandas as pd

# Read only the payment_method column to avoid loading personal identifiers
df = pd.read_csv('customer_shopping_data.csv', usecols=['payment_method'])

# Output the dataframe shape
print(df.shape)

# If the dataframe is non-empty, confirm successful reading and report the most common payment method
if df.shape[0] > 0:
    print('File reading successful')
    most_common_method = df['payment_method'].mode()[0]
    print(most_common_method)
```

--------------------------------------------------------------------------------

Next speaker: Summarizer

Summarizer (to chat_manager):

```python
import pandas as pd

# Read only the payment_method column to avoid loading personal identifiers
df = pd.read_csv('customer_shopping_data.csv', usecols=['payment_method'])

# Output the dataframe shape
print(df.shape)

# If the dataframe is non-empty, confirm successful reading and report the most common payment method
if df.shape[0] > 0:
    print('File reading successful')
    most_common_method = df['payment_method'].mode()[0]
    print(most_common_method)
```

--------------------------------------------------------------------------------

Next speaker: Data Scientist

Data Scientist (to chat_manager):

```python
import pandas as pd

# Read only the payment_method column to avoid loading personal identifiers
df = pd.read_csv('customer_shopping_data.csv', usecols=['payment_method'])

# Output the dataframe shape
print(df.shape)

# If the dataframe is non-empty, confirm successful reading and report the most common payment method
if df.shape[0] > 0:
    print('File reading successful')
    most_common_method = df['payment_method'].mode()[0]
    print(most_common_method)
```

--------------------------------------------------------------------------------

Next speaker: Visualization

Visualization (to chat_manager):

```python
import pandas as pd

# Read only the payment_method column to avoid loading personal identifiers
df = pd.read_csv('customer_shopping_data.csv', usecols=['payment_method'])

# Output the dataframe shape
print(df.shape)

# If the dataframe is non-empty, confirm successful reading and report the most common payment method
if df.shape[0] > 0:
    print('File reading successful')
    most_common_method = df['payment_method'].mode()[0]
    print(most_common_method)
```

--------------------------------------------------------------------------------

Next speaker: Executor


>>>>>>>> EXECUTING CODE BLOCK 0 (inferred language is python)...
Executor (to chat_manager):

exitcode: 0 (execution succeeded)
Code output: 
(99457, 1)
File reading successful
Cash


--------------------------------------------------------------------------------
INFO:     127.0.0.1:51696 - "POST /multi_ai_agent HTTP/1.1" 200 OK
Admin (to chat_manager):

Which is the most commonly used payment method?

Use the dataset located at customer_shopping_data.csv

--------------------------------------------------------------------------------

Next speaker: FileReader

FileReader (to chat_manager):

```python
import pandas as pd

# Read only the payment_method column to avoid loading personal identifiers
df = pd.read_csv('customer_shopping_data.csv', usecols=['payment_method'])

# Output the dataframe shape
print(df.shape)

# If the dataframe is non-empty, confirm successful reading and report the most common payment method
if df.shape[0] > 0:
    print('File reading successful')
    most_common_method = df['payment_method'].mode()[0]
    print(most_common_method)
```

--------------------------------------------------------------------------------

Next speaker: Summarizer

Summarizer (to chat_manager):

```python
import pandas as pd

# Read only the payment_method column to avoid loading personal identifiers
df = pd.read_csv('customer_shopping_data.csv', usecols=['payment_method'])

# Output the dataframe shape
print(df.shape)

# If the dataframe is non-empty, confirm successful reading and report the most common payment method
if df.shape[0] > 0:
    print('File reading successful')
    most_common_method = df['payment_method'].mode()[0]
    print(most_common_method)
```

--------------------------------------------------------------------------------

Next speaker: Data Scientist

Data Scientist (to chat_manager):

```python
import pandas as pd

# Read only the payment_method column to avoid loading personal identifiers
df = pd.read_csv('customer_shopping_data.csv', usecols=['payment_method'])

# Output the dataframe shape
print(df.shape)

# If the dataframe is non-empty, confirm successful reading and report the most common payment method
if df.shape[0] > 0:
    print('File reading successful')
    most_common_method = df['payment_method'].mode()[0]
    print(most_common_method)
```

--------------------------------------------------------------------------------

Next speaker: Visualization

Visualization (to chat_manager):

```python
import pandas as pd

# Read only the payment_method column to avoid loading personal identifiers
df = pd.read_csv('customer_shopping_data.csv', usecols=['payment_method'])

# Output the dataframe shape
print(df.shape)

# If the dataframe is non-empty, confirm successful reading and report the most common payment method
if df.shape[0] > 0:
    print('File reading successful')
    most_common_method = df['payment_method'].mode()[0]
    print(most_common_method)
```

--------------------------------------------------------------------------------

Next speaker: Executor


>>>>>>>> EXECUTING CODE BLOCK 0 (inferred language is python)...
Executor (to chat_manager):

exitcode: 0 (execution succeeded)
Code output: 
(99457, 1)
File reading successful
Cash


--------------------------------------------------------------------------------
INFO:     127.0.0.1:39764 - "POST /multi_ai_agent HTTP/1.1" 200 OK
Admin (to chat_manager):

Which is the most commonly used payment method?

Use the dataset located at customer_shopping_data.csv

--------------------------------------------------------------------------------

Next speaker: FileReader

FileReader (to chat_manager):

```python
import pandas as pd

# Read only the payment_method column to avoid loading personal identifiers
df = pd.read_csv('customer_shopping_data.csv', usecols=['payment_method'])

# Output the dataframe shape
print(df.shape)

# If the dataframe is non-empty, confirm successful reading and report the most common payment method
if df.shape[0] > 0:
    print('File reading successful')
    most_common_method = df['payment_method'].mode()[0]
    print(most_common_method)
```

--------------------------------------------------------------------------------

Next speaker: Summarizer

Summarizer (to chat_manager):

```python
import pandas as pd

# Read only the payment_method column to avoid loading personal identifiers
df = pd.read_csv('customer_shopping_data.csv', usecols=['payment_method'])

# Output the dataframe shape
print(df.shape)

# If the dataframe is non-empty, confirm successful reading and report the most common payment method
if df.shape[0] > 0:
    print('File reading successful')
    most_common_method = df['payment_method'].mode()[0]
    print(most_common_method)
```

--------------------------------------------------------------------------------

Next speaker: Data Scientist

Data Scientist (to chat_manager):

```python
import pandas as pd

# Read only the payment_method column to avoid loading personal identifiers
df = pd.read_csv('customer_shopping_data.csv', usecols=['payment_method'])

# Output the dataframe shape
print(df.shape)

# If the dataframe is non-empty, confirm successful reading and report the most common payment method
if df.shape[0] > 0:
    print('File reading successful')
    most_common_method = df['payment_method'].mode()[0]
    print(most_common_method)
```

--------------------------------------------------------------------------------

Next speaker: Visualization

Visualization (to chat_manager):

```python
import pandas as pd

# Read only the payment_method column to avoid loading personal identifiers
df = pd.read_csv('customer_shopping_data.csv', usecols=['payment_method'])

# Output the dataframe shape
print(df.shape)

# If the dataframe is non-empty, confirm successful reading and report the most common payment method
if df.shape[0] > 0:
    print('File reading successful')
    most_common_method = df['payment_method'].mode()[0]
    print(most_common_method)
```

--------------------------------------------------------------------------------

Next speaker: Executor


>>>>>>>> EXECUTING CODE BLOCK 0 (inferred language is python)...
Executor (to chat_manager):

exitcode: 0 (execution succeeded)
Code output: 
(99457, 1)
File reading successful
Cash


--------------------------------------------------------------------------------
INFO:     127.0.0.1:45818 - "POST /multi_ai_agent HTTP/1.1" 200 OK
Admin (to chat_manager):

Which is the most commonly used payment method?

Use the dataset located at customer_shopping_data.csv

--------------------------------------------------------------------------------

Next speaker: FileReader

FileReader (to chat_manager):

```python
import pandas as pd

# Read only the payment_method column to avoid loading personal identifiers
df = pd.read_csv('customer_shopping_data.csv', usecols=['payment_method'])

# Output the dataframe shape
print(df.shape)

# If the dataframe is non-empty, confirm successful reading and report the most common payment method
if df.shape[0] > 0:
    print('File reading successful')
    most_common_method = df['payment_method'].mode()[0]
    print(most_common_method)
```

--------------------------------------------------------------------------------

Next speaker: Summarizer

Summarizer (to chat_manager):

```python
import pandas as pd

# Read only the payment_method column to avoid loading personal identifiers
df = pd.read_csv('customer_shopping_data.csv', usecols=['payment_method'])

# Output the dataframe shape
print(df.shape)

# If the dataframe is non-empty, confirm successful reading and report the most common payment method
if df.shape[0] > 0:
    print('File reading successful')
    most_common_method = df['payment_method'].mode()[0]
    print(most_common_method)
```

--------------------------------------------------------------------------------

Next speaker: Data Scientist

Data Scientist (to chat_manager):

```python
import pandas as pd

# Read only the payment_method column to avoid loading personal identifiers
df = pd.read_csv('customer_shopping_data.csv', usecols=['payment_method'])

# Output the dataframe shape
print(df.shape)

# If the dataframe is non-empty, confirm successful reading and report the most common payment method
if df.shape[0] > 0:
    print('File reading successful')
    most_common_method = df['payment_method'].mode()[0]
    print(most_common_method)
```

--------------------------------------------------------------------------------

Next speaker: Visualization

Visualization (to chat_manager):

```python
import pandas as pd

# Read only the payment_method column to avoid loading personal identifiers
df = pd.read_csv('customer_shopping_data.csv', usecols=['payment_method'])

# Output the dataframe shape
print(df.shape)

# If the dataframe is non-empty, confirm successful reading and report the most common payment method
if df.shape[0] > 0:
    print('File reading successful')
    most_common_method = df['payment_method'].mode()[0]
    print(most_common_method)
```

--------------------------------------------------------------------------------

Next speaker: Executor


>>>>>>>> EXECUTING CODE BLOCK 0 (inferred language is python)...
Executor (to chat_manager):

exitcode: 0 (execution succeeded)
Code output: 
(99457, 1)
File reading successful
Cash


--------------------------------------------------------------------------------
INFO:     127.0.0.1:36854 - "POST /multi_ai_agent HTTP/1.1" 200 OK
Admin (to chat_manager):

Which is the most commonly used payment method?

Use the dataset located at customer_shopping_data.csv

--------------------------------------------------------------------------------

Next speaker: FileReader

FileReader (to chat_manager):

```python
import pandas as pd

# Read only the payment_method column to avoid loading personal identifiers
df = pd.read_csv('customer_shopping_data.csv', usecols=['payment_method'])

# Output the dataframe shape
print(df.shape)

# If the dataframe is non-empty, confirm successful reading and report the most common payment method
if df.shape[0] > 0:
    print('File reading successful')
    most_common_method = df['payment_method'].mode()[0]
    print(most_common_method)
```

--------------------------------------------------------------------------------

Next speaker: Summarizer

Summarizer (to chat_manager):

```python
import pandas as pd

# Read only the payment_method column to avoid loading personal identifiers
df = pd.read_csv('customer_shopping_data.csv', usecols=['payment_method'])

# Output the dataframe shape
print(df.shape)

# If the dataframe is non-empty, confirm successful reading and report the most common payment method
if df.shape[0] > 0:
    print('File reading successful')
    most_common_method = df['payment_method'].mode()[0]
    print(most_common_method)
```

--------------------------------------------------------------------------------

Next speaker: Data Scientist

Data Scientist (to chat_manager):

```python
import pandas as pd

# Read only the payment_method column to avoid loading personal identifiers
df = pd.read_csv('customer_shopping_data.csv', usecols=['payment_method'])

# Output the dataframe shape
print(df.shape)

# If the dataframe is non-empty, confirm successful reading and report the most common payment method
if df.shape[0] > 0:
    print('File reading successful')
    most_common_method = df['payment_method'].mode()[0]
    print(most_common_method)
```

--------------------------------------------------------------------------------

Next speaker: Visualization

Visualization (to chat_manager):

```python
import pandas as pd

# Read only the payment_method column to avoid loading personal identifiers
df = pd.read_csv('customer_shopping_data.csv', usecols=['payment_method'])

# Output the dataframe shape
print(df.shape)

# If the dataframe is non-empty, confirm successful reading and report the most common payment method
if df.shape[0] > 0:
    print('File reading successful')
    most_common_method = df['payment_method'].mode()[0]
    print(most_common_method)
```

--------------------------------------------------------------------------------

Next speaker: Executor


>>>>>>>> EXECUTING CODE BLOCK 0 (inferred language is python)...
Executor (to chat_manager):

exitcode: 0 (execution succeeded)
Code output: 
(99457, 1)
File reading successful
Cash


--------------------------------------------------------------------------------
INFO:     127.0.0.1:54466 - "POST /multi_ai_agent HTTP/1.1" 200 OK
Admin (to chat_manager):

Which is the most commonly used payment method?

Use the dataset located at customer_shopping_data.csv

--------------------------------------------------------------------------------

Next speaker: FileReader

FileReader (to chat_manager):

```python
import pandas as pd

# Read only the payment_method column to avoid loading personal identifiers
df = pd.read_csv('customer_shopping_data.csv', usecols=['payment_method'])

# Output the dataframe shape
print(df.shape)

# If the dataframe is non-empty, confirm successful reading and report the most common payment method
if df.shape[0] > 0:
    print('File reading successful')
    most_common_method = df['payment_method'].mode()[0]
    print(most_common_method)
```

--------------------------------------------------------------------------------

Next speaker: Summarizer

Summarizer (to chat_manager):

```python
import pandas as pd

# Read only the payment_method column to avoid loading personal identifiers
df = pd.read_csv('customer_shopping_data.csv', usecols=['payment_method'])

# Output the dataframe shape
print(df.shape)

# If the dataframe is non-empty, confirm successful reading and report the most common payment method
if df.shape[0] > 0:
    print('File reading successful')
    most_common_method = df['payment_method'].mode()[0]
    print(most_common_method)
```

--------------------------------------------------------------------------------

Next speaker: Data Scientist

Data Scientist (to chat_manager):

```python
import pandas as pd

# Read only the payment_method column to avoid loading personal identifiers
df = pd.read_csv('customer_shopping_data.csv', usecols=['payment_method'])

# Output the dataframe shape
print(df.shape)

# If the dataframe is non-empty, confirm successful reading and report the most common payment method
if df.shape[0] > 0:
    print('File reading successful')
    most_common_method = df['payment_method'].mode()[0]
    print(most_common_method)
```

--------------------------------------------------------------------------------

Next speaker: Visualization

Visualization (to chat_manager):

```python
import pandas as pd

# Read only the payment_method column to avoid loading personal identifiers
df = pd.read_csv('customer_shopping_data.csv', usecols=['payment_method'])

# Output the dataframe shape
print(df.shape)

# If the dataframe is non-empty, confirm successful reading and report the most common payment method
if df.shape[0] > 0:
    print('File reading successful')
    most_common_method = df['payment_method'].mode()[0]
    print(most_common_method)
```

--------------------------------------------------------------------------------

Next speaker: Executor


>>>>>>>> EXECUTING CODE BLOCK 0 (inferred language is python)...
Executor (to chat_manager):

exitcode: 0 (execution succeeded)
Code output: 
(99457, 1)
File reading successful
Cash


--------------------------------------------------------------------------------
INFO:     127.0.0.1:54478 - "POST /multi_ai_agent HTTP/1.1" 200 OK
Admin (to chat_manager):

Which is the most commonly used payment method?

Use the dataset located at customer_shopping_data.csv

--------------------------------------------------------------------------------

Next speaker: FileReader

FileReader (to chat_manager):

```python
import pandas as pd

# Read only the payment_method column to avoid loading personal identifiers
df = pd.read_csv('customer_shopping_data.csv', usecols=['payment_method'])

# Output the dataframe shape
print(df.shape)

# If the dataframe is non-empty, confirm successful reading and report the most common payment method
if df.shape[0] > 0:
    print('File reading successful')
    most_common_method = df['payment_method'].mode()[0]
    print(most_common_method)
```

--------------------------------------------------------------------------------

Next speaker: Summarizer

Summarizer (to chat_manager):

```python
import pandas as pd

# Read only the payment_method column to avoid loading personal identifiers
df = pd.read_csv('customer_shopping_data.csv', usecols=['payment_method'])

# Output the dataframe shape
print(df.shape)

# If the dataframe is non-empty, confirm successful reading and report the most common payment method
if df.shape[0] > 0:
    print('File reading successful')
    most_common_method = df['payment_method'].mode()[0]
    print(most_common_method)
```

--------------------------------------------------------------------------------

Next speaker: Data Scientist

Data Scientist (to chat_manager):

```python
import pandas as pd

# Read only the payment_method column to avoid loading personal identifiers
df = pd.read_csv('customer_shopping_data.csv', usecols=['payment_method'])

# Output the dataframe shape
print(df.shape)

# If the dataframe is non-empty, confirm successful reading and report the most common payment method
if df.shape[0] > 0:
    print('File reading successful')
    most_common_method = df['payment_method'].mode()[0]
    print(most_common_method)
```

--------------------------------------------------------------------------------

Next speaker: Visualization

Visualization (to chat_manager):

```python
import pandas as pd

# Read only the payment_method column to avoid loading personal identifiers
df = pd.read_csv('customer_shopping_data.csv', usecols=['payment_method'])

# Output the dataframe shape
print(df.shape)

# If the dataframe is non-empty, confirm successful reading and report the most common payment method
if df.shape[0] > 0:
    print('File reading successful')
    most_common_method = df['payment_method'].mode()[0]
    print(most_common_method)
```

--------------------------------------------------------------------------------

Next speaker: Executor


>>>>>>>> EXECUTING CODE BLOCK 0 (inferred language is python)...
Executor (to chat_manager):

exitcode: 0 (execution succeeded)
Code output: 
(99457, 1)
File reading successful
Cash


--------------------------------------------------------------------------------
INFO:     127.0.0.1:54490 - "POST /multi_ai_agent HTTP/1.1" 200 OK
Admin (to chat_manager):

Which is the most commonly used payment method?

Use the dataset located at customer_shopping_data.csv

--------------------------------------------------------------------------------

Next speaker: FileReader

FileReader (to chat_manager):

```python
import pandas as pd

# Read only the payment_method column to avoid loading personal identifiers
df = pd.read_csv('customer_shopping_data.csv', usecols=['payment_method'])

# Output the dataframe shape
print(df.shape)

# If the dataframe is non-empty, confirm successful reading and report the most common payment method
if df.shape[0] > 0:
    print('File reading successful')
    most_common_method = df['payment_method'].mode()[0]
    print(most_common_method)
```

--------------------------------------------------------------------------------

Next speaker: Summarizer

Summarizer (to chat_manager):

```python
import pandas as pd

# Read only the payment_method column to avoid loading personal identifiers
df = pd.read_csv('customer_shopping_data.csv', usecols=['payment_method'])

# Output the dataframe shape
print(df.shape)

# If the dataframe is non-empty, confirm successful reading and report the most common payment method
if df.shape[0] > 0:
    print('File reading successful')
    most_common_method = df['payment_method'].mode()[0]
    print(most_common_method)
```

--------------------------------------------------------------------------------

Next speaker: Data Scientist

Data Scientist (to chat_manager):

```python
import pandas as pd

# Read only the payment_method column to avoid loading personal identifiers
df = pd.read_csv('customer_shopping_data.csv', usecols=['payment_method'])

# Output the dataframe shape
print(df.shape)

# If the dataframe is non-empty, confirm successful reading and report the most common payment method
if df.shape[0] > 0:
    print('File reading successful')
    most_common_method = df['payment_method'].mode()[0]
    print(most_common_method)
```

--------------------------------------------------------------------------------

Next speaker: Visualization

Visualization (to chat_manager):

```python
import pandas as pd

# Read only the payment_method column to avoid loading personal identifiers
df = pd.read_csv('customer_shopping_data.csv', usecols=['payment_method'])

# Output the dataframe shape
print(df.shape)

# If the dataframe is non-empty, confirm successful reading and report the most common payment method
if df.shape[0] > 0:
    print('File reading successful')
    most_common_method = df['payment_method'].mode()[0]
    print(most_common_method)
```

--------------------------------------------------------------------------------

Next speaker: Executor


>>>>>>>> EXECUTING CODE BLOCK 0 (inferred language is python)...
Executor (to chat_manager):

exitcode: 0 (execution succeeded)
Code output: 
(99457, 1)
File reading successful
Cash


--------------------------------------------------------------------------------
INFO:     127.0.0.1:49802 - "POST /multi_ai_agent HTTP/1.1" 200 OK
Admin (to chat_manager):

Which is the most commonly used payment method?

Use the dataset located at customer_shopping_data.csv

--------------------------------------------------------------------------------

Next speaker: FileReader

FileReader (to chat_manager):

```python
import pandas as pd

# Read only the payment_method column to avoid loading personal identifiers
df = pd.read_csv('customer_shopping_data.csv', usecols=['payment_method'])

# Output the dataframe shape
print(df.shape)

# If the dataframe is non-empty, confirm successful reading and report the most common payment method
if df.shape[0] > 0:
    print('File reading successful')
    most_common_method = df['payment_method'].mode()[0]
    print(most_common_method)
```

--------------------------------------------------------------------------------

Next speaker: Summarizer

Summarizer (to chat_manager):

```python
import pandas as pd

# Read only the payment_method column to avoid loading personal identifiers
df = pd.read_csv('customer_shopping_data.csv', usecols=['payment_method'])

# Output the dataframe shape
print(df.shape)

# If the dataframe is non-empty, confirm successful reading and report the most common payment method
if df.shape[0] > 0:
    print('File reading successful')
    most_common_method = df['payment_method'].mode()[0]
    print(most_common_method)
```

--------------------------------------------------------------------------------

Next speaker: Data Scientist

Data Scientist (to chat_manager):

```python
import pandas as pd

# Read only the payment_method column to avoid loading personal identifiers
df = pd.read_csv('customer_shopping_data.csv', usecols=['payment_method'])

# Output the dataframe shape
print(df.shape)

# If the dataframe is non-empty, confirm successful reading and report the most common payment method
if df.shape[0] > 0:
    print('File reading successful')
    most_common_method = df['payment_method'].mode()[0]
    print(most_common_method)
```

--------------------------------------------------------------------------------

Next speaker: Visualization

Visualization (to chat_manager):

```python
import pandas as pd

# Read only the payment_method column to avoid loading personal identifiers
df = pd.read_csv('customer_shopping_data.csv', usecols=['payment_method'])

# Output the dataframe shape
print(df.shape)

# If the dataframe is non-empty, confirm successful reading and report the most common payment method
if df.shape[0] > 0:
    print('File reading successful')
    most_common_method = df['payment_method'].mode()[0]
    print(most_common_method)
```

--------------------------------------------------------------------------------

Next speaker: Executor


>>>>>>>> EXECUTING CODE BLOCK 0 (inferred language is python)...
Executor (to chat_manager):

exitcode: 0 (execution succeeded)
Code output: 
(99457, 1)
File reading successful
Cash


--------------------------------------------------------------------------------
INFO:     127.0.0.1:53764 - "POST /multi_ai_agent HTTP/1.1" 200 OK
Admin (to chat_manager):

Which is the most commonly used payment method?

Use the dataset located at customer_shopping_data.csv

--------------------------------------------------------------------------------

Next speaker: FileReader

FileReader (to chat_manager):

```python
import pandas as pd

# Read only the payment_method column to avoid loading personal identifiers
df = pd.read_csv('customer_shopping_data.csv', usecols=['payment_method'])

# Output the dataframe shape
print(df.shape)

# If the dataframe is non-empty, confirm successful reading and report the most common payment method
if df.shape[0] > 0:
    print('File reading successful')
    most_common_method = df['payment_method'].mode()[0]
    print(most_common_method)
```

--------------------------------------------------------------------------------

Next speaker: Summarizer

Summarizer (to chat_manager):

```python
import pandas as pd

# Read only the payment_method column to avoid loading personal identifiers
df = pd.read_csv('customer_shopping_data.csv', usecols=['payment_method'])

# Output the dataframe shape
print(df.shape)

# If the dataframe is non-empty, confirm successful reading and report the most common payment method
if df.shape[0] > 0:
    print('File reading successful')
    most_common_method = df['payment_method'].mode()[0]
    print(most_common_method)
```

--------------------------------------------------------------------------------

Next speaker: Data Scientist

Data Scientist (to chat_manager):

```python
import pandas as pd

# Read only the payment_method column to avoid loading personal identifiers
df = pd.read_csv('customer_shopping_data.csv', usecols=['payment_method'])

# Output the dataframe shape
print(df.shape)

# If the dataframe is non-empty, confirm successful reading and report the most common payment method
if df.shape[0] > 0:
    print('File reading successful')
    most_common_method = df['payment_method'].mode()[0]
    print(most_common_method)
```

--------------------------------------------------------------------------------

Next speaker: Visualization

Visualization (to chat_manager):

```python
import pandas as pd

# Read only the payment_method column to avoid loading personal identifiers
df = pd.read_csv('customer_shopping_data.csv', usecols=['payment_method'])

# Output the dataframe shape
print(df.shape)

# If the dataframe is non-empty, confirm successful reading and report the most common payment method
if df.shape[0] > 0:
    print('File reading successful')
    most_common_method = df['payment_method'].mode()[0]
    print(most_common_method)
```

--------------------------------------------------------------------------------

Next speaker: Executor


>>>>>>>> EXECUTING CODE BLOCK 0 (inferred language is python)...
Executor (to chat_manager):

exitcode: 0 (execution succeeded)
Code output: 
(99457, 1)
File reading successful
Cash


--------------------------------------------------------------------------------
INFO:     127.0.0.1:53774 - "POST /multi_ai_agent HTTP/1.1" 200 OK
Admin (to chat_manager):

Which is the most commonly used payment method?

Use the dataset located at customer_shopping_data.csv

--------------------------------------------------------------------------------

Next speaker: FileReader

FileReader (to chat_manager):

```python
import pandas as pd

# Read only the payment_method column to avoid loading personal identifiers
df = pd.read_csv('customer_shopping_data.csv', usecols=['payment_method'])

# Output the dataframe shape
print(df.shape)

# If the dataframe is non-empty, confirm successful reading and report the most common payment method
if df.shape[0] > 0:
    print('File reading successful')
    most_common_method = df['payment_method'].mode()[0]
    print(most_common_method)
```

--------------------------------------------------------------------------------

Next speaker: Summarizer

Summarizer (to chat_manager):

```python
import pandas as pd

# Read only the payment_method column to avoid loading personal identifiers
df = pd.read_csv('customer_shopping_data.csv', usecols=['payment_method'])

# Output the dataframe shape
print(df.shape)

# If the dataframe is non-empty, confirm successful reading and report the most common payment method
if df.shape[0] > 0:
    print('File reading successful')
    most_common_method = df['payment_method'].mode()[0]
    print(most_common_method)
```

--------------------------------------------------------------------------------

Next speaker: Data Scientist

Data Scientist (to chat_manager):

```python
import pandas as pd

# Read only the payment_method column to avoid loading personal identifiers
df = pd.read_csv('customer_shopping_data.csv', usecols=['payment_method'])

# Output the dataframe shape
print(df.shape)

# If the dataframe is non-empty, confirm successful reading and report the most common payment method
if df.shape[0] > 0:
    print('File reading successful')
    most_common_method = df['payment_method'].mode()[0]
    print(most_common_method)
```

--------------------------------------------------------------------------------

Next speaker: Visualization

Visualization (to chat_manager):

```python
import pandas as pd

# Read only the payment_method column to avoid loading personal identifiers
df = pd.read_csv('customer_shopping_data.csv', usecols=['payment_method'])

# Output the dataframe shape
print(df.shape)

# If the dataframe is non-empty, confirm successful reading and report the most common payment method
if df.shape[0] > 0:
    print('File reading successful')
    most_common_method = df['payment_method'].mode()[0]
    print(most_common_method)
```

--------------------------------------------------------------------------------

Next speaker: Executor


>>>>>>>> EXECUTING CODE BLOCK 0 (inferred language is python)...
Executor (to chat_manager):

exitcode: 0 (execution succeeded)
Code output: 
(99457, 1)
File reading successful
Cash


--------------------------------------------------------------------------------
INFO:     127.0.0.1:51836 - "POST /multi_ai_agent HTTP/1.1" 200 OK
Admin (to chat_manager):

Which is the most commonly used payment method?

Use the dataset located at customer_shopping_data.csv

--------------------------------------------------------------------------------

Next speaker: FileReader

FileReader (to chat_manager):

```python
import pandas as pd

# Read only the payment_method column to avoid loading personal identifiers
df = pd.read_csv('customer_shopping_data.csv', usecols=['payment_method'])

# Output the dataframe shape
print(df.shape)

# If the dataframe is non-empty, confirm successful reading and report the most common payment method
if df.shape[0] > 0:
    print('File reading successful')
    most_common_method = df['payment_method'].mode()[0]
    print(most_common_method)
```

--------------------------------------------------------------------------------

Next speaker: Summarizer

Summarizer (to chat_manager):

```python
import pandas as pd

# Read only the payment_method column to avoid loading personal identifiers
df = pd.read_csv('customer_shopping_data.csv', usecols=['payment_method'])

# Output the dataframe shape
print(df.shape)

# If the dataframe is non-empty, confirm successful reading and report the most common payment method
if df.shape[0] > 0:
    print('File reading successful')
    most_common_method = df['payment_method'].mode()[0]
    print(most_common_method)
```

--------------------------------------------------------------------------------

Next speaker: Data Scientist

Data Scientist (to chat_manager):

```python
import pandas as pd

# Read only the payment_method column to avoid loading personal identifiers
df = pd.read_csv('customer_shopping_data.csv', usecols=['payment_method'])

# Output the dataframe shape
print(df.shape)

# If the dataframe is non-empty, confirm successful reading and report the most common payment method
if df.shape[0] > 0:
    print('File reading successful')
    most_common_method = df['payment_method'].mode()[0]
    print(most_common_method)
```

--------------------------------------------------------------------------------

Next speaker: Visualization

Visualization (to chat_manager):

```python
import pandas as pd

# Read only the payment_method column to avoid loading personal identifiers
df = pd.read_csv('customer_shopping_data.csv', usecols=['payment_method'])

# Output the dataframe shape
print(df.shape)

# If the dataframe is non-empty, confirm successful reading and report the most common payment method
if df.shape[0] > 0:
    print('File reading successful')
    most_common_method = df['payment_method'].mode()[0]
    print(most_common_method)
```

--------------------------------------------------------------------------------

Next speaker: Executor


>>>>>>>> EXECUTING CODE BLOCK 0 (inferred language is python)...
Executor (to chat_manager):

exitcode: 0 (execution succeeded)
Code output: 
(99457, 1)
File reading successful
Cash


--------------------------------------------------------------------------------
INFO:     127.0.0.1:51846 - "POST /multi_ai_agent HTTP/1.1" 200 OK
Admin (to chat_manager):

Which is the most commonly used payment method?

Use the dataset located at customer_shopping_data.csv

--------------------------------------------------------------------------------

Next speaker: FileReader

FileReader (to chat_manager):

```python
import pandas as pd

# Read only the payment_method column to avoid loading personal identifiers
df = pd.read_csv('customer_shopping_data.csv', usecols=['payment_method'])

# Output the dataframe shape
print(df.shape)

# If the dataframe is non-empty, confirm successful reading and report the most common payment method
if df.shape[0] > 0:
    print('File reading successful')
    most_common_method = df['payment_method'].mode()[0]
    print(most_common_method)
```

--------------------------------------------------------------------------------

Next speaker: Summarizer

Summarizer (to chat_manager):

```python
import pandas as pd

# Read only the payment_method column to avoid loading personal identifiers
df = pd.read_csv('customer_shopping_data.csv', usecols=['payment_method'])

# Output the dataframe shape
print(df.shape)

# If the dataframe is non-empty, confirm successful reading and report the most common payment method
if df.shape[0] > 0:
    print('File reading successful')
    most_common_method = df['payment_method'].mode()[0]
    print(most_common_method)
```

--------------------------------------------------------------------------------

Next speaker: Data Scientist

Data Scientist (to chat_manager):

```python
import pandas as pd

# Read only the payment_method column to avoid loading personal identifiers
df = pd.read_csv('customer_shopping_data.csv', usecols=['payment_method'])

# Output the dataframe shape
print(df.shape)

# If the dataframe is non-empty, confirm successful reading and report the most common payment method
if df.shape[0] > 0:
    print('File reading successful')
    most_common_method = df['payment_method'].mode()[0]
    print(most_common_method)
```

--------------------------------------------------------------------------------

Next speaker: Visualization

Visualization (to chat_manager):

```python
import pandas as pd

# Read only the payment_method column to avoid loading personal identifiers
df = pd.read_csv('customer_shopping_data.csv', usecols=['payment_method'])

# Output the dataframe shape
print(df.shape)

# If the dataframe is non-empty, confirm successful reading and report the most common payment method
if df.shape[0] > 0:
    print('File reading successful')
    most_common_method = df['payment_method'].mode()[0]
    print(most_common_method)
```

--------------------------------------------------------------------------------

Next speaker: Executor


>>>>>>>> EXECUTING CODE BLOCK 0 (inferred language is python)...
Executor (to chat_manager):

exitcode: 0 (execution succeeded)
Code output: 
(99457, 1)
File reading successful
Cash


--------------------------------------------------------------------------------
INFO:     127.0.0.1:34670 - "POST /multi_ai_agent HTTP/1.1" 200 OK
Admin (to chat_manager):

Which is the most commonly used payment method?

Use the dataset located at customer_shopping_data.csv

--------------------------------------------------------------------------------

Next speaker: FileReader

FileReader (to chat_manager):

```python
import pandas as pd

# Read only the payment_method column to avoid loading personal identifiers
df = pd.read_csv('customer_shopping_data.csv', usecols=['payment_method'])

# Output the dataframe shape
print(df.shape)

# If the dataframe is non-empty, confirm successful reading and report the most common payment method
if df.shape[0] > 0:
    print('File reading successful')
    most_common_method = df['payment_method'].mode()[0]
    print(most_common_method)
```

--------------------------------------------------------------------------------

Next speaker: Summarizer

Summarizer (to chat_manager):

```python
import pandas as pd

# Read only the payment_method column to avoid loading personal identifiers
df = pd.read_csv('customer_shopping_data.csv', usecols=['payment_method'])

# Output the dataframe shape
print(df.shape)

# If the dataframe is non-empty, confirm successful reading and report the most common payment method
if df.shape[0] > 0:
    print('File reading successful')
    most_common_method = df['payment_method'].mode()[0]
    print(most_common_method)
```

--------------------------------------------------------------------------------

Next speaker: Data Scientist

Data Scientist (to chat_manager):

```python
import pandas as pd

# Read only the payment_method column to avoid loading personal identifiers
df = pd.read_csv('customer_shopping_data.csv', usecols=['payment_method'])

# Output the dataframe shape
print(df.shape)

# If the dataframe is non-empty, confirm successful reading and report the most common payment method
if df.shape[0] > 0:
    print('File reading successful')
    most_common_method = df['payment_method'].mode()[0]
    print(most_common_method)
```

--------------------------------------------------------------------------------

Next speaker: Visualization

Visualization (to chat_manager):

```python
import pandas as pd

# Read only the payment_method column to avoid loading personal identifiers
df = pd.read_csv('customer_shopping_data.csv', usecols=['payment_method'])

# Output the dataframe shape
print(df.shape)

# If the dataframe is non-empty, confirm successful reading and report the most common payment method
if df.shape[0] > 0:
    print('File reading successful')
    most_common_method = df['payment_method'].mode()[0]
    print(most_common_method)
```

--------------------------------------------------------------------------------

Next speaker: Executor


>>>>>>>> EXECUTING CODE BLOCK 0 (inferred language is python)...
Executor (to chat_manager):

exitcode: 0 (execution succeeded)
Code output: 
(99457, 1)
File reading successful
Cash


--------------------------------------------------------------------------------
INFO:     127.0.0.1:47350 - "POST /multi_ai_agent HTTP/1.1" 200 OK
Admin (to chat_manager):

Which is the most commonly used payment method?

Use the dataset located at customer_shopping_data.csv

--------------------------------------------------------------------------------

Next speaker: FileReader

FileReader (to chat_manager):

```python
import pandas as pd

# Read only the payment_method column to avoid loading personal identifiers
df = pd.read_csv('customer_shopping_data.csv', usecols=['payment_method'])

# Output the dataframe shape
print(df.shape)

# If the dataframe is non-empty, confirm successful reading and report the most common payment method
if df.shape[0] > 0:
    print('File reading successful')
    most_common_method = df['payment_method'].mode()[0]
    print(most_common_method)
```

--------------------------------------------------------------------------------

Next speaker: Summarizer

Summarizer (to chat_manager):

```python
import pandas as pd

# Read only the payment_method column to avoid loading personal identifiers
df = pd.read_csv('customer_shopping_data.csv', usecols=['payment_method'])

# Output the dataframe shape
print(df.shape)

# If the dataframe is non-empty, confirm successful reading and report the most common payment method
if df.shape[0] > 0:
    print('File reading successful')
    most_common_method = df['payment_method'].mode()[0]
    print(most_common_method)
```

--------------------------------------------------------------------------------

Next speaker: Data Scientist

Data Scientist (to chat_manager):

```python
import pandas as pd

# Read only the payment_method column to avoid loading personal identifiers
df = pd.read_csv('customer_shopping_data.csv', usecols=['payment_method'])

# Output the dataframe shape
print(df.shape)

# If the dataframe is non-empty, confirm successful reading and report the most common payment method
if df.shape[0] > 0:
    print('File reading successful')
    most_common_method = df['payment_method'].mode()[0]
    print(most_common_method)
```

--------------------------------------------------------------------------------

Next speaker: Visualization

Visualization (to chat_manager):

```python
import pandas as pd

# Read only the payment_method column to avoid loading personal identifiers
df = pd.read_csv('customer_shopping_data.csv', usecols=['payment_method'])

# Output the dataframe shape
print(df.shape)

# If the dataframe is non-empty, confirm successful reading and report the most common payment method
if df.shape[0] > 0:
    print('File reading successful')
    most_common_method = df['payment_method'].mode()[0]
    print(most_common_method)
```

--------------------------------------------------------------------------------

Next speaker: Executor


>>>>>>>> EXECUTING CODE BLOCK 0 (inferred language is python)...
Executor (to chat_manager):

exitcode: 0 (execution succeeded)
Code output: 
(99457, 1)
File reading successful
Cash


--------------------------------------------------------------------------------
INFO:     127.0.0.1:47364 - "POST /multi_ai_agent HTTP/1.1" 200 OK
Admin (to chat_manager):

Which is the most commonly used payment method?

Use the dataset located at customer_shopping_data.csv

--------------------------------------------------------------------------------

Next speaker: FileReader

FileReader (to chat_manager):

```python
import pandas as pd

# Read only the payment_method column to avoid loading personal identifiers
df = pd.read_csv('customer_shopping_data.csv', usecols=['payment_method'])

# Output the dataframe shape
print(df.shape)

# If the dataframe is non-empty, confirm successful reading and report the most common payment method
if df.shape[0] > 0:
    print('File reading successful')
    most_common_method = df['payment_method'].mode()[0]
    print(most_common_method)
```

--------------------------------------------------------------------------------

Next speaker: Summarizer

Summarizer (to chat_manager):

```python
import pandas as pd

# Read only the payment_method column to avoid loading personal identifiers
df = pd.read_csv('customer_shopping_data.csv', usecols=['payment_method'])

# Output the dataframe shape
print(df.shape)

# If the dataframe is non-empty, confirm successful reading and report the most common payment method
if df.shape[0] > 0:
    print('File reading successful')
    most_common_method = df['payment_method'].mode()[0]
    print(most_common_method)
```

--------------------------------------------------------------------------------

Next speaker: Data Scientist

Data Scientist (to chat_manager):

```python
import pandas as pd

# Read only the payment_method column to avoid loading personal identifiers
df = pd.read_csv('customer_shopping_data.csv', usecols=['payment_method'])

# Output the dataframe shape
print(df.shape)

# If the dataframe is non-empty, confirm successful reading and report the most common payment method
if df.shape[0] > 0:
    print('File reading successful')
    most_common_method = df['payment_method'].mode()[0]
    print(most_common_method)
```

--------------------------------------------------------------------------------

Next speaker: Visualization

Visualization (to chat_manager):

```python
import pandas as pd

# Read only the payment_method column to avoid loading personal identifiers
df = pd.read_csv('customer_shopping_data.csv', usecols=['payment_method'])

# Output the dataframe shape
print(df.shape)

# If the dataframe is non-empty, confirm successful reading and report the most common payment method
if df.shape[0] > 0:
    print('File reading successful')
    most_common_method = df['payment_method'].mode()[0]
    print(most_common_method)
```

--------------------------------------------------------------------------------

Next speaker: Executor


>>>>>>>> EXECUTING CODE BLOCK 0 (inferred language is python)...
Executor (to chat_manager):

exitcode: 0 (execution succeeded)
Code output: 
(99457, 1)
File reading successful
Cash


--------------------------------------------------------------------------------
INFO:     127.0.0.1:46346 - "POST /multi_ai_agent HTTP/1.1" 200 OK
Admin (to chat_manager):

Which is the most commonly used payment method?

Use the dataset located at customer_shopping_data.csv

--------------------------------------------------------------------------------

Next speaker: FileReader

FileReader (to chat_manager):

```python
import pandas as pd

# Read only the payment_method column to avoid loading personal identifiers
df = pd.read_csv('customer_shopping_data.csv', usecols=['payment_method'])

# Output the dataframe shape
print(df.shape)

# If the dataframe is non-empty, confirm successful reading and report the most common payment method
if df.shape[0] > 0:
    print('File reading successful')
    most_common_method = df['payment_method'].mode()[0]
    print(most_common_method)
```

--------------------------------------------------------------------------------

Next speaker: Summarizer

Summarizer (to chat_manager):

```python
import pandas as pd

# Read only the payment_method column to avoid loading personal identifiers
df = pd.read_csv('customer_shopping_data.csv', usecols=['payment_method'])

# Output the dataframe shape
print(df.shape)

# If the dataframe is non-empty, confirm successful reading and report the most common payment method
if df.shape[0] > 0:
    print('File reading successful')
    most_common_method = df['payment_method'].mode()[0]
    print(most_common_method)
```

--------------------------------------------------------------------------------

Next speaker: Data Scientist

Data Scientist (to chat_manager):

```python
import pandas as pd

# Read only the payment_method column to avoid loading personal identifiers
df = pd.read_csv('customer_shopping_data.csv', usecols=['payment_method'])

# Output the dataframe shape
print(df.shape)

# If the dataframe is non-empty, confirm successful reading and report the most common payment method
if df.shape[0] > 0:
    print('File reading successful')
    most_common_method = df['payment_method'].mode()[0]
    print(most_common_method)
```

--------------------------------------------------------------------------------

Next speaker: Visualization

Visualization (to chat_manager):

```python
import pandas as pd

# Read only the payment_method column to avoid loading personal identifiers
df = pd.read_csv('customer_shopping_data.csv', usecols=['payment_method'])

# Output the dataframe shape
print(df.shape)

# If the dataframe is non-empty, confirm successful reading and report the most common payment method
if df.shape[0] > 0:
    print('File reading successful')
    most_common_method = df['payment_method'].mode()[0]
    print(most_common_method)
```

--------------------------------------------------------------------------------

Next speaker: Executor


>>>>>>>> EXECUTING CODE BLOCK 0 (inferred language is python)...
Executor (to chat_manager):

exitcode: 0 (execution succeeded)
Code output: 
(99457, 1)
File reading successful
Cash


--------------------------------------------------------------------------------
INFO:     127.0.0.1:46350 - "POST /multi_ai_agent HTTP/1.1" 200 OK
Admin (to chat_manager):

Which is the most commonly used payment method?

Use the dataset located at customer_shopping_data.csv

--------------------------------------------------------------------------------

Next speaker: FileReader

FileReader (to chat_manager):

```python
import pandas as pd

# Read only the payment_method column to avoid loading personal identifiers
df = pd.read_csv('customer_shopping_data.csv', usecols=['payment_method'])

# Output the dataframe shape
print(df.shape)

# If the dataframe is non-empty, confirm successful reading and report the most common payment method
if df.shape[0] > 0:
    print('File reading successful')
    most_common_method = df['payment_method'].mode()[0]
    print(most_common_method)
```

--------------------------------------------------------------------------------

Next speaker: Summarizer

Summarizer (to chat_manager):

```python
import pandas as pd

# Read only the payment_method column to avoid loading personal identifiers
df = pd.read_csv('customer_shopping_data.csv', usecols=['payment_method'])

# Output the dataframe shape
print(df.shape)

# If the dataframe is non-empty, confirm successful reading and report the most common payment method
if df.shape[0] > 0:
    print('File reading successful')
    most_common_method = df['payment_method'].mode()[0]
    print(most_common_method)
```

--------------------------------------------------------------------------------

Next speaker: Data Scientist

Data Scientist (to chat_manager):

```python
import pandas as pd

# Read only the payment_method column to avoid loading personal identifiers
df = pd.read_csv('customer_shopping_data.csv', usecols=['payment_method'])

# Output the dataframe shape
print(df.shape)

# If the dataframe is non-empty, confirm successful reading and report the most common payment method
if df.shape[0] > 0:
    print('File reading successful')
    most_common_method = df['payment_method'].mode()[0]
    print(most_common_method)
```

--------------------------------------------------------------------------------

Next speaker: Visualization

Visualization (to chat_manager):

```python
import pandas as pd

# Read only the payment_method column to avoid loading personal identifiers
df = pd.read_csv('customer_shopping_data.csv', usecols=['payment_method'])

# Output the dataframe shape
print(df.shape)

# If the dataframe is non-empty, confirm successful reading and report the most common payment method
if df.shape[0] > 0:
    print('File reading successful')
    most_common_method = df['payment_method'].mode()[0]
    print(most_common_method)
```

--------------------------------------------------------------------------------

Next speaker: Executor


>>>>>>>> EXECUTING CODE BLOCK 0 (inferred language is python)...
Executor (to chat_manager):

exitcode: 0 (execution succeeded)
Code output: 
(99457, 1)
File reading successful
Cash


--------------------------------------------------------------------------------
INFO:     127.0.0.1:47654 - "POST /multi_ai_agent HTTP/1.1" 200 OK
Admin (to chat_manager):

Which is the most commonly used payment method?

Use the dataset located at customer_shopping_data.csv

--------------------------------------------------------------------------------

Next speaker: FileReader

FileReader (to chat_manager):

```python
import pandas as pd

# Read only the payment_method column to avoid loading personal identifiers
df = pd.read_csv('customer_shopping_data.csv', usecols=['payment_method'])

# Output the dataframe shape
print(df.shape)

# If the dataframe is non-empty, confirm successful reading and report the most common payment method
if df.shape[0] > 0:
    print('File reading successful')
    most_common_method = df['payment_method'].mode()[0]
    print(most_common_method)
```

--------------------------------------------------------------------------------

Next speaker: Summarizer

Summarizer (to chat_manager):

```python
import pandas as pd

# Read only the payment_method column to avoid loading personal identifiers
df = pd.read_csv('customer_shopping_data.csv', usecols=['payment_method'])

# Output the dataframe shape
print(df.shape)

# If the dataframe is non-empty, confirm successful reading and report the most common payment method
if df.shape[0] > 0:
    print('File reading successful')
    most_common_method = df['payment_method'].mode()[0]
    print(most_common_method)
```

--------------------------------------------------------------------------------

Next speaker: Data Scientist

Data Scientist (to chat_manager):

```python
import pandas as pd

# Read only the payment_method column to avoid loading personal identifiers
df = pd.read_csv('customer_shopping_data.csv', usecols=['payment_method'])

# Output the dataframe shape
print(df.shape)

# If the dataframe is non-empty, confirm successful reading and report the most common payment method
if df.shape[0] > 0:
    print('File reading successful')
    most_common_method = df['payment_method'].mode()[0]
    print(most_common_method)
```

--------------------------------------------------------------------------------

Next speaker: Visualization

Visualization (to chat_manager):

```python
import pandas as pd

# Read only the payment_method column to avoid loading personal identifiers
df = pd.read_csv('customer_shopping_data.csv', usecols=['payment_method'])

# Output the dataframe shape
print(df.shape)

# If the dataframe is non-empty, confirm successful reading and report the most common payment method
if df.shape[0] > 0:
    print('File reading successful')
    most_common_method = df['payment_method'].mode()[0]
    print(most_common_method)
```

--------------------------------------------------------------------------------

Next speaker: Executor


>>>>>>>> EXECUTING CODE BLOCK 0 (inferred language is python)...
Executor (to chat_manager):

exitcode: 0 (execution succeeded)
Code output: 
(99457, 1)
File reading successful
Cash


--------------------------------------------------------------------------------
INFO:     127.0.0.1:47660 - "POST /multi_ai_agent HTTP/1.1" 200 OK
Admin (to chat_manager):

Which is the most commonly used payment method?

Use the dataset located at customer_shopping_data.csv

--------------------------------------------------------------------------------

Next speaker: FileReader

FileReader (to chat_manager):

```python
import pandas as pd

# Read only the payment_method column to avoid loading personal identifiers
df = pd.read_csv('customer_shopping_data.csv', usecols=['payment_method'])

# Output the dataframe shape
print(df.shape)

# If the dataframe is non-empty, confirm successful reading and report the most common payment method
if df.shape[0] > 0:
    print('File reading successful')
    most_common_method = df['payment_method'].mode()[0]
    print(most_common_method)
```

--------------------------------------------------------------------------------

Next speaker: Summarizer

Summarizer (to chat_manager):

```python
import pandas as pd

# Read only the payment_method column to avoid loading personal identifiers
df = pd.read_csv('customer_shopping_data.csv', usecols=['payment_method'])

# Output the dataframe shape
print(df.shape)

# If the dataframe is non-empty, confirm successful reading and report the most common payment method
if df.shape[0] > 0:
    print('File reading successful')
    most_common_method = df['payment_method'].mode()[0]
    print(most_common_method)
```

--------------------------------------------------------------------------------

Next speaker: Data Scientist

Data Scientist (to chat_manager):

```python
import pandas as pd

# Read only the payment_method column to avoid loading personal identifiers
df = pd.read_csv('customer_shopping_data.csv', usecols=['payment_method'])

# Output the dataframe shape
print(df.shape)

# If the dataframe is non-empty, confirm successful reading and report the most common payment method
if df.shape[0] > 0:
    print('File reading successful')
    most_common_method = df['payment_method'].mode()[0]
    print(most_common_method)
```

--------------------------------------------------------------------------------

Next speaker: Visualization

Visualization (to chat_manager):

```python
import pandas as pd

# Read only the payment_method column to avoid loading personal identifiers
df = pd.read_csv('customer_shopping_data.csv', usecols=['payment_method'])

# Output the dataframe shape
print(df.shape)

# If the dataframe is non-empty, confirm successful reading and report the most common payment method
if df.shape[0] > 0:
    print('File reading successful')
    most_common_method = df['payment_method'].mode()[0]
    print(most_common_method)
```

--------------------------------------------------------------------------------

Next speaker: Executor


>>>>>>>> EXECUTING CODE BLOCK 0 (inferred language is python)...
Executor (to chat_manager):

exitcode: 0 (execution succeeded)
Code output: 
(99457, 1)
File reading successful
Cash


--------------------------------------------------------------------------------
INFO:     127.0.0.1:43702 - "POST /multi_ai_agent HTTP/1.1" 200 OK
Admin (to chat_manager):

Which is the most commonly used payment method?

Use the dataset located at customer_shopping_data.csv

--------------------------------------------------------------------------------

Next speaker: FileReader

FileReader (to chat_manager):

```python
import pandas as pd

# Read only the payment_method column to avoid loading personal identifiers
df = pd.read_csv('customer_shopping_data.csv', usecols=['payment_method'])

# Output the dataframe shape
print(df.shape)

# If the dataframe is non-empty, confirm successful reading and report the most common payment method
if df.shape[0] > 0:
    print('File reading successful')
    most_common_method = df['payment_method'].mode()[0]
    print(most_common_method)
```

--------------------------------------------------------------------------------

Next speaker: Summarizer

Summarizer (to chat_manager):

```python
import pandas as pd

# Read only the payment_method column to avoid loading personal identifiers
df = pd.read_csv('customer_shopping_data.csv', usecols=['payment_method'])

# Output the dataframe shape
print(df.shape)

# If the dataframe is non-empty, confirm successful reading and report the most common payment method
if df.shape[0] > 0:
    print('File reading successful')
    most_common_method = df['payment_method'].mode()[0]
    print(most_common_method)
```

--------------------------------------------------------------------------------

Next speaker: Data Scientist

Data Scientist (to chat_manager):

```python
import pandas as pd

# Read only the payment_method column to avoid loading personal identifiers
df = pd.read_csv('customer_shopping_data.csv', usecols=['payment_method'])

# Output the dataframe shape
print(df.shape)

# If the dataframe is non-empty, confirm successful reading and report the most common payment method
if df.shape[0] > 0:
    print('File reading successful')
    most_common_method = df['payment_method'].mode()[0]
    print(most_common_method)
```

--------------------------------------------------------------------------------

Next speaker: Visualization

Visualization (to chat_manager):

```python
import pandas as pd

# Read only the payment_method column to avoid loading personal identifiers
df = pd.read_csv('customer_shopping_data.csv', usecols=['payment_method'])

# Output the dataframe shape
print(df.shape)

# If the dataframe is non-empty, confirm successful reading and report the most common payment method
if df.shape[0] > 0:
    print('File reading successful')
    most_common_method = df['payment_method'].mode()[0]
    print(most_common_method)
```

--------------------------------------------------------------------------------

Next speaker: Executor


>>>>>>>> EXECUTING CODE BLOCK 0 (inferred language is python)...
Executor (to chat_manager):

exitcode: 0 (execution succeeded)
Code output: 
(99457, 1)
File reading successful
Cash


--------------------------------------------------------------------------------
INFO:     127.0.0.1:43710 - "POST /multi_ai_agent HTTP/1.1" 200 OK
Admin (to chat_manager):

Which is the most commonly used payment method?

Use the dataset located at customer_shopping_data.csv

--------------------------------------------------------------------------------

Next speaker: FileReader

FileReader (to chat_manager):

```python
import pandas as pd

# Read only the payment_method column to avoid loading personal identifiers
df = pd.read_csv('customer_shopping_data.csv', usecols=['payment_method'])

# Output the dataframe shape
print(df.shape)

# If the dataframe is non-empty, confirm successful reading and report the most common payment method
if df.shape[0] > 0:
    print('File reading successful')
    most_common_method = df['payment_method'].mode()[0]
    print(most_common_method)
```

--------------------------------------------------------------------------------

Next speaker: Summarizer

Summarizer (to chat_manager):

```python
import pandas as pd

# Read only the payment_method column to avoid loading personal identifiers
df = pd.read_csv('customer_shopping_data.csv', usecols=['payment_method'])

# Output the dataframe shape
print(df.shape)

# If the dataframe is non-empty, confirm successful reading and report the most common payment method
if df.shape[0] > 0:
    print('File reading successful')
    most_common_method = df['payment_method'].mode()[0]
    print(most_common_method)
```

--------------------------------------------------------------------------------

Next speaker: Data Scientist

Data Scientist (to chat_manager):

```python
import pandas as pd

# Read only the payment_method column to avoid loading personal identifiers
df = pd.read_csv('customer_shopping_data.csv', usecols=['payment_method'])

# Output the dataframe shape
print(df.shape)

# If the dataframe is non-empty, confirm successful reading and report the most common payment method
if df.shape[0] > 0:
    print('File reading successful')
    most_common_method = df['payment_method'].mode()[0]
    print(most_common_method)
```

--------------------------------------------------------------------------------

Next speaker: Visualization

Visualization (to chat_manager):

```python
import pandas as pd

# Read only the payment_method column to avoid loading personal identifiers
df = pd.read_csv('customer_shopping_data.csv', usecols=['payment_method'])

# Output the dataframe shape
print(df.shape)

# If the dataframe is non-empty, confirm successful reading and report the most common payment method
if df.shape[0] > 0:
    print('File reading successful')
    most_common_method = df['payment_method'].mode()[0]
    print(most_common_method)
```

--------------------------------------------------------------------------------

Next speaker: Executor


>>>>>>>> EXECUTING CODE BLOCK 0 (inferred language is python)...
Executor (to chat_manager):

exitcode: 0 (execution succeeded)
Code output: 
(99457, 1)
File reading successful
Cash


--------------------------------------------------------------------------------
INFO:     127.0.0.1:47724 - "POST /multi_ai_agent HTTP/1.1" 200 OK
